Test file created at: 2025-08-23T02:30:49.853Z